../Core/Src/oled.c:8:6:OLED_TransmitByte	32	static
../Core/Src/oled.c:21:6:OLED_Init	8	static
../Core/Src/oled.c:66:6:OLED_SetColorMode	16	static
../Core/Src/oled.c:81:6:OLED_SetOrientation	16	static
../Core/Src/oled.c:95:6:OLED_DisPlay_On	8	static
../Core/Src/oled.c:104:6:OLED_DisPlay_Off	8	static
../Core/Src/oled.c:113:6:OLED_Refresh	152	static
../Core/Src/oled.c:131:6:OLED_ClearBuffer	16	static
../Core/Src/oled.c:148:6:OLED_DrawPixel	24	static
../Core/Src/oled.c:171:6:OLED_DrawLine	64	static
../Core/Src/oled.c:228:6:OLED_DrawRectangleFilled	40	static
../Core/Src/oled.c:247:6:OLED_DrawRectangle	32	static
../Core/Src/oled.c:264:6:_OLED_DrawCircleSection	24	static
../Core/Src/oled.c:296:6:_OLED_DrawCircleSectionFilled	32	static
../Core/Src/oled.c:315:6:OLED_DrawCircle	48	static
../Core/Src/oled.c:358:6:OLED_DrawCircleFilled	48	static
../Core/Src/oled.c:400:6:OLED_PrintChar	32	static
../Core/Src/oled.c:446:6:OLED_PrintString	32	static
../Core/Src/oled.c:470:10:OLED_PrintChineseChar	40	static
../Core/Src/oled.c:514:9:is_gbk	16	static
../Core/Src/oled.c:519:9:is_ascii	16	static
../Core/Src/oled.c:533:6:OLED_PrintChinese	40	static
../Core/Src/oled.c:594:6:OLED_DrawPicture	32	static
