../Core/Src/W25QXX.c:16:13:delay_us	24	static
../Core/Src/W25QXX.c:28:9:W25QXX_SPI_ReadWriteByte	32	static
../Core/Src/W25QXX.c:44:5:W25QXX_Init	8	static
../Core/Src/W25QXX.c:68:9:W25QXX_ReadSR	16	static
../Core/Src/W25QXX.c:79:6:W25QXX_Write_SR	16	static
../Core/Src/W25QXX.c:88:6:W25QXX_Write_Enable	8	static
../Core/Src/W25QXX.c:96:6:W25QXX_Write_Disable	8	static
../Core/Src/W25QXX.c:109:10:W25QXX_ReadID	16	static
../Core/Src/W25QXX.c:124:10:W25QXX_ReadCapacity	16	static
../Core/Src/W25QXX.c:142:6:W25QXX_ReadUniqueID	32	static
../Core/Src/W25QXX.c:163:6:W25QXX_Read	40	static
../Core/Src/W25QXX.c:182:6:W25QXX_Write_Page	32	static
../Core/Src/W25QXX.c:204:6:W25QXX_Write_NoCheck	32	static
../Core/Src/W25QXX.c:235:6:W25QXX_Write	40	static
../Core/Src/W25QXX.c:288:6:W25QXX_Erase_Chip	8	static
../Core/Src/W25QXX.c:300:6:W25QXX_Erase_Sector	16	static
../Core/Src/W25QXX.c:315:6:W25QXX_Wait_Busy	8	static
../Core/Src/W25QXX.c:320:6:W25QXX_PowerDown	8	static
../Core/Src/W25QXX.c:328:6:W25QXX_WAKEUP	8	static
