../Lib/u8g2/mui_u8g2.c:190:13:u8g2_DrawCheckbox	32	static
../Lib/u8g2/mui_u8g2.c:199:13:u8g2_DrawValueMark	32	static
../Lib/u8g2/mui_u8g2.c:208:13:mui_get_x	16	static
../Lib/u8g2/mui_u8g2.c:215:13:mui_get_y	16	static
../Lib/u8g2/mui_u8g2.c:220:9:mui_get_U8g2	16	static
../Lib/u8g2/mui_u8g2.c:226:6:mui_u8g2_draw_button_utf	48	static
../Lib/u8g2/mui_u8g2.c:233:13:mui_u8g2_get_pi_flags	24	static
../Lib/u8g2/mui_u8g2.c:245:6:mui_u8g2_draw_button_pi	32	static
../Lib/u8g2/mui_u8g2.c:250:13:mui_u8g2_get_fi_flags	24	static
../Lib/u8g2/mui_u8g2.c:262:6:mui_u8g2_draw_button_fi	32	static
../Lib/u8g2/mui_u8g2.c:267:13:mui_u8g2_get_pf_flags	24	static
../Lib/u8g2/mui_u8g2.c:279:6:mui_u8g2_draw_button_pf	32	static
../Lib/u8g2/mui_u8g2.c:284:13:mui_u8g2_get_if_flags	24	static
../Lib/u8g2/mui_u8g2.c:300:6:mui_u8g2_draw_button_if	32	static
../Lib/u8g2/mui_u8g2.c:306:16:mui_u8g2_handle_scroll_next_prev_events	24	static
../Lib/u8g2/mui_u8g2.c:349:9:mui_u8g2_set_font_style_function	16	static
../Lib/u8g2/mui_u8g2.c:364:9:mui_u8g2_draw_text	24	static
../Lib/u8g2/mui_u8g2.c:417:9:mui_u8g2_btn_goto_wm_fi	24	static
../Lib/u8g2/mui_u8g2.c:444:9:mui_u8g2_btn_goto_wm_if	24	static
../Lib/u8g2/mui_u8g2.c:471:9:mui_u8g2_btn_goto_w2_fi	32	static
../Lib/u8g2/mui_u8g2.c:499:9:mui_u8g2_btn_goto_w2_if	32	static
../Lib/u8g2/mui_u8g2.c:554:9:mui_u8g2_btn_exit_wm_fi	32	static
../Lib/u8g2/mui_u8g2.c:586:9:mui_u8g2_btn_goto_w1_pi	32	static
../Lib/u8g2/mui_u8g2.c:615:9:mui_u8g2_btn_goto_w1_fi	32	static
../Lib/u8g2/mui_u8g2.c:647:13:mui_u8g2_u8_vmm_draw_wm_pi	56	static
../Lib/u8g2/mui_u8g2.c:674:9:mui_u8g2_u8_min_max_wm_mse_pi	32	static
../Lib/u8g2/mui_u8g2.c:711:9:mui_u8g2_u8_min_max_wm_mud_pi	32	static
../Lib/u8g2/mui_u8g2.c:761:13:mui_u8g2_u8_vmm_draw_wm_pf	56	static
../Lib/u8g2/mui_u8g2.c:788:9:mui_u8g2_u8_min_max_wm_mse_pf	32	static
../Lib/u8g2/mui_u8g2.c:825:9:mui_u8g2_u8_min_max_wm_mud_pf	32	static
../Lib/u8g2/mui_u8g2.c:877:13:mui_u8g2_u8_bar_draw_wm	72	static
../Lib/u8g2/mui_u8g2.c:930:9:mui_u8g2_u8_bar_wm_mse_pi	32	static
../Lib/u8g2/mui_u8g2.c:968:9:mui_u8g2_u8_bar_wm_mud_pi	32	static
../Lib/u8g2/mui_u8g2.c:1018:9:mui_u8g2_u8_bar_wm_mse_pf	32	static
../Lib/u8g2/mui_u8g2.c:1056:9:mui_u8g2_u8_bar_wm_mud_pf	32	static
../Lib/u8g2/mui_u8g2.c:1109:16:mui_is_valid_char	16	static
../Lib/u8g2/mui_u8g2.c:1122:9:mui_u8g2_u8_char_wm_mud_pi	32	static
../Lib/u8g2/mui_u8g2.c:1202:9:mui_u8g2_u8_opt_line_wa_mse_pi	24	static
../Lib/u8g2/mui_u8g2.c:1245:9:mui_u8g2_u8_opt_line_wa_mse_pf	24	static
../Lib/u8g2/mui_u8g2.c:1286:9:mui_u8g2_u8_opt_line_wa_mud_pi	24	static
../Lib/u8g2/mui_u8g2.c:1337:9:mui_u8g2_u8_opt_line_wa_mud_pf	24	static
../Lib/u8g2/mui_u8g2.c:1412:9:mui_u8g2_u8_chkbox_wm_pi	56	static
../Lib/u8g2/mui_u8g2.c:1467:9:mui_u8g2_u8_radio_wm_pi	56	static
../Lib/u8g2/mui_u8g2.c:1517:9:mui_u8g2_u8_opt_parent_wm_pi	24	static
../Lib/u8g2/mui_u8g2.c:1552:9:mui_u8g2_u8_opt_child_mse_common	24	static
../Lib/u8g2/mui_u8g2.c:1595:9:mui_u8g2_u8_opt_radio_child_wm_pi	56	static
../Lib/u8g2/mui_u8g2.c:1633:9:mui_u8g2_u8_opt_radio_child_w1_pi	56	static
../Lib/u8g2/mui_u8g2.c:1672:9:mui_u8g2_u8_opt_child_wm_pi	48	static
../Lib/u8g2/mui_u8g2.c:1717:9:mui_u8g2_goto_data	16	static
../Lib/u8g2/mui_u8g2.c:1746:9:mui_u8g2_goto_form_w1_pi	32	static
../Lib/u8g2/mui_u8g2.c:1767:9:mui_u8g2_goto_form_w1_pf	32	static
../Lib/u8g2/mui_u8g2.c:1791:9:mui_u8g2_u16_list_line_wa_mse_pi	48	static
../Lib/u8g2/mui_u8g2.c:1833:9:mui_u8g2_u16_list_line_wa_mud_pi	48	static
../Lib/u8g2/mui_u8g2.c:1890:9:mui_u8g2_u16_list_parent_wm_pi	32	static
../Lib/u8g2/mui_u8g2.c:1925:16:mui_u8g2_u16_list_child_mse_common	40	static
../Lib/u8g2/mui_u8g2.c:1972:9:mui_u8g2_u16_list_child_w1_pi	80	static
../Lib/u8g2/mui_u8g2.c:2008:9:mui_u8g2_u16_list_goto_w1_pi	48	static
