../Core/Src/AS608.c:27:13:MYUSART_SendData	16	static
../Core/Src/AS608.c:34:13:SendHead	8	static
../Core/Src/AS608.c:41:13:SendAddr	8	static
../Core/Src/AS608.c:50:13:SendFlag	16	static
../Core/Src/AS608.c:56:13:SendLength	16	static
../Core/Src/AS608.c:63:13:Sendcmd	16	static
../Core/Src/AS608.c:69:13:SendCheck	16	static
../Core/Src/AS608.c:78:17:JudgeStr	32	static
../Core/Src/AS608.c:116:9:PS_GetImage	16	static
../Core/Src/AS608.c:140:9:PS_GenChar	24	static
../Core/Src/AS608.c:164:9:PS_Match	16	static
../Core/Src/AS608.c:188:9:PS_Search	32	static
../Core/Src/AS608.c:221:9:PS_RegModel	16	static
../Core/Src/AS608.c:246:9:PS_StoreChar	24	static
../Core/Src/AS608.c:274:9:PS_DeletChar	24	static
../Core/Src/AS608.c:304:9:PS_Empty	16	static
../Core/Src/AS608.c:328:9:PS_WriteReg	24	static
../Core/Src/AS608.c:358:9:PS_ReadSysPara	24	static
../Core/Src/AS608.c:396:9:PS_SetAddr	24	static
../Core/Src/AS608.c:432:9:PS_WriteNotepad	24	static
../Core/Src/AS608.c:461:9:PS_ReadNotepad	24	static
../Core/Src/AS608.c:492:9:PS_HighSpeedSearch	32	static
../Core/Src/AS608.c:526:9:PS_ValidTempleteNum	24	static
../Core/Src/AS608.c:557:9:PS_HandShake	16	static
../Core/Src/AS608.c:584:13:EnsureMessage	24	static
../Core/Src/AS608.c:661:6:ShowErrMessage	16	static
../Core/Src/AS608.c:666:6:show_ID	24	static
../Core/Src/AS608.c:674:6:Add_FR	24	static
../Core/Src/AS608.c:803:6:press_FR	48	static
../Core/Src/AS608.c:844:6:Del_FR	24	static
