C:/Users/Administrator/Desktop/Smooth_Menu/STM32F407ZGT6_HAL/STM32F407_MENU_U8G2_OLED/Lib/utils.h:11:13:HAL_Delay_us	16	static
C:/Users/Administrator/Desktop/Smooth_Menu/STM32F407ZGT6_HAL/STM32F407_MENU_U8G2_OLED/Lib/utils.h:39:13:print_binary	24	static
../Lib/easing/easing.c:22:7:_easing_calc_InBounce	24	static
../Lib/easing/easing.c:41:7:_easing_calc_OutBounce	16	static
../Lib/easing/easing.c:46:7:_easing_calc_InOutBounce	16	static
../Lib/easing/easing.c:51:7:_easing_calc_InCirc	16	static
../Lib/easing/easing.c:56:7:_easing_calc_OutCirc	16	static
../Lib/easing/easing.c:61:7:_easing_calc_InOutCirc	16	static
../Lib/easing/easing.c:66:7:_easing_calc_InCubic	16	static
../Lib/easing/easing.c:71:7:_easing_calc_OutCubic	16	static
../Lib/easing/easing.c:76:7:_easing_calc_InOutCubic	16	static
../Lib/easing/easing.c:81:7:_easing_calc_OutElastic	32	static
../Lib/easing/easing.c:87:7:_easing_calc_InElastic	16	static
../Lib/easing/easing.c:92:7:_easing_calc_InOutElastic	16	static
../Lib/easing/easing.c:97:7:_easing_calc_InExpo	16	static
../Lib/easing/easing.c:102:7:_easing_calc_OutExpo	16	static
../Lib/easing/easing.c:107:7:_easing_calc_InOutExpo	16	static
../Lib/easing/easing.c:112:7:_easing_calc_Linear	16	static
../Lib/easing/easing.c:117:7:_easing_calc_InQuad	16	static
../Lib/easing/easing.c:122:7:_easing_calc_OutQuad	16	static
../Lib/easing/easing.c:127:7:_easing_calc_InOutQuad	16	static
../Lib/easing/easing.c:132:7:_easing_calc_InQuart	16	static
../Lib/easing/easing.c:137:7:_easing_calc_OutQuart	16	static
../Lib/easing/easing.c:142:7:_easing_calc_InOutQuart	16	static
../Lib/easing/easing.c:147:7:_easing_calc_InQuint	16	static
../Lib/easing/easing.c:152:7:_easing_calc_OutQuint	16	static
../Lib/easing/easing.c:157:7:_easing_calc_InOutQuint	16	static
../Lib/easing/easing.c:162:7:_easing_calc_InSine	16	static
../Lib/easing/easing.c:167:7:_easing_calc_OutSine	16	static
../Lib/easing/easing.c:172:7:_easing_calc_InOutSine	16	static
../Lib/easing/easing.c:177:7:_easing_calc_InBack	16	static
../Lib/easing/easing.c:182:7:_easing_calc_OutBack	16	static
../Lib/easing/easing.c:187:7:_easing_calc_InOutBack	16	static
../Lib/easing/easing.c:194:10:easing_create	80	static
../Lib/easing/easing.c:221:6:easing_start_absolute	24	static
../Lib/easing/easing.c:247:6:easing_start_relative	16	static
../Lib/easing/easing.c:261:6:easing_update	24	static
../Lib/easing/easing.c:307:13:easing_isok	16	static
../Lib/easing/easing.c:312:13:easing_stop	16	static
../Lib/easing/easing.c:318:21:easing_curpos	16	static
